2026-05-18 09:25:57,709 [INFO] Iniciando barber_scraper | pasos=[4, 6] | limit=0 | output=barberias_espana.xlsx
2026-05-18 09:25:57,742 [INFO] Checkpoint cargado: 11123 registros desde checkpoint.csv
2026-05-18 09:25:57,815 [INFO] === PASO 4: Emails desde webs ===
2026-05-18 09:25:57,817 [INFO] 0 registros con web sin email de 11123 totales
Emails desde web: 0it [00:00, ?it/s]Emails desde web: 0it [00:00, ?it/s]
2026-05-18 09:25:57,851 [INFO] Paso 4 completo: 11123 registros con email
2026-05-18 09:25:57,903 [INFO] Checkpoint guardado: 11123 registros -> checkpoint.csv
2026-05-18 09:25:57,903 [INFO] === PASO GEOCODIFICACIÓN: Nominatim reverse geocoding ===
2026-05-18 09:25:57,906 [INFO] 0 registros sin ciudad/provincia con coordenadas → geocodificando
Geocodificando: 0it [00:00, ?it/s]Geocodificando: 0it [00:00, ?it/s]
2026-05-18 09:25:57,907 [INFO] Geocodificación completada. Cache de cuadrículas usadas: 0
2026-05-18 09:25:57,961 [INFO] Checkpoint guardado: 11123 registros -> checkpoint.csv
2026-05-18 09:25:57,961 [INFO] === PASO 5: Exportando Excel ===
2026-05-18 09:25:58,032 [INFO] Exportando 11122 registros a barberias_espana.xlsx
2026-05-18 09:25:59,959 [INFO] Excel generado: barberias_espana.xlsx
2026-05-18 09:25:59,959 [INFO] ============================================================
2026-05-18 09:25:59,959 [INFO] FINALIZADO: 11122 barberías exportadas a barberias_espana.xlsx
2026-05-18 09:25:59,961 [INFO] Con teléfono:  2162
2026-05-18 09:25:59,961 [INFO] Con email:     197
2026-05-18 09:25:59,962 [INFO] Con Instagram: 104
2026-05-18 09:25:59,962 [INFO] Con web:       466
2026-05-18 09:25:59,962 [INFO] Con ciudad:    2964
2026-05-18 09:25:59,963 [INFO] Con provincia: 905
2026-05-18 09:25:59,963 [INFO] ============================================================
